问题背景：MRS 210版本，客户侧系统盘较小，只有40G, 运行storm任务，导致系统盘占用率达到90%左右









系统盘默认大小：



1.MRS作业管理点击节点名称，之后点击云硬盘，找到系统盘。点击扩容操作：

2.扩容100G



参考：

https://support.ulanqab.huawei.com/usermanual-evs/evs_01_0072.html#evs_01_0072__section9613733145218

**以下操作指导仅适用于内核版本不低于****3.6.0****的****Linux****操作系统。**

**您可以使用****uname -a****命令查看****Linux****内核版本**







1. （可选）执行以下命令，安装growpart扩容工具。

**yum install cloud-utils-growpart**

说明：可以用**growpart**命令检查当前系统是否已安装growpart扩容工具，若回显为工具使用介绍，则表示已安装，无需重复安装。

1. 执行以下命令，查看系统盘“/dev/vda”的总容量。

**fdisk -l**

回显类似如下信息：

[root@ecs-test-0001 ~]# fdisk -l

Disk /dev/vda: 107.4 GB, 107374182400 bytes, 209715200 sectors

Units = sectors of 1 * 512 = 512 bytes

Sector size (logical/physical): 512 bytes / 512 bytes

I/O size (minimum/optimal): 512 bytes / 512 bytes

Disk label type: dos

Disk identifier: 0x000bcb4e





Device Boot      Start         End      Blocks   Id  System

/dev/vda1   *        2048    83886079    41942016   83  Linux

1. 执行以下命令，查看系统盘分区“/dev/vda1”的容量。

**df -TH**

回显类似如下信息：

[root@ecs-test-0001 ~]# df -TH

Filesystem     Type      Size  Used Avail Use% Mounted on

/dev/vda1      ext4       43G  2.0G   39G   5% /

devtmpfs       devtmpfs  2.0G     0  2.0G   0% /dev

tmpfs          tmpfs     2.0G     0  2.0G   0% /dev/shm

tmpfs          tmpfs     2.0G  9.0M  2.0G   1% /run

tmpfs          tmpfs     2.0G     0  2.0G   0% /sys/fs/cgroup

tmpfs          tmpfs     398M     0  398M   0% /run/user/0

1. 执行以下命令，指定系统盘待扩容的分区，通过growpart进行扩容。

**growpart** *系统盘* *分区编号*

命令示例：

**growpart /dev/vda 1**

回显类似如下信息：

[root@ecs-test-0001 ~]# growpart /dev/vda 1

CHANGED: partition=1 start=2048 old: size=83884032 end=83886080 new: size=209713119,end=209715167



**注****:** **无分区编号**

问题描述: growpart /dev/vdb
FAILED: partition-number must be a number

**直接进行下一步** **执行：****resize2fs /dev/vdb**

1. 执行以下命令，扩展磁盘分区文件系统的大小。

**resize2fs** *磁盘分区*

命令示例：

**resize2fs /dev/vda1**

回显类似如下信息：

[root@ecs-test-0001 ~]# **resize2fs /dev/vda1**

resize2fs 1.42.9 (28-Dec-2013)

Filesystem at /dev/vda1 is mounted on /; on-line resizing required

old_desc_blocks = 5, new_desc_blocks = 13

The filesystem on /dev/vda1 is now 26214139 blocks long.

1. 执行以下命令，查看扩容后系统盘分区“/dev/vda1”的容量。

**df -TH**

回显类似如下信息：

[root@ecs-test-0001 ~]# **df -TH**

Filesystem     Type      Size  Used Avail Use% Mounted on

**/dev/vda1      ext4      106G  2.0G   99G   2% /**

devtmpfs       devtmpfs  2.0G     0  2.0G   0% /dev

tmpfs          tmpfs     2.0G     0  2.0G   0% /dev/shm

tmpfs          tmpfs     2.0G  9.0M  2.0G   1% /run

tmpfs          tmpfs     2.0G     0  2.0G   0% /sys/fs/cgroup

tmpfs          tmpfs     398M     0  398M   0% /run/user/0